2026-05-26 23:47:02.224000-06:00 [notice] <0.45.0> Application syslog exited with reason: stopped
2026-05-26 23:47:02.234000-06:00 [notice] <0.209.0> Logging: switching to configured handler(s); following messages may not be visible in this log output

  ##  ##      RabbitMQ 4.3.1
  ##  ##
  ##########  Copyright (c) 2007-2026 Broadcom Inc and/or its subsidiaries
  ######  ##
  ##########  Licensed under the MPL 2.0. Website: https://rabbitmq.com

  Erlang:      27.3.4.11 [jit]
  TLS Library: OpenSSL - OpenSSL 3.5.5 27 Jan 2026
  Release series support status: see https://www.rabbitmq.com/release-information

  Doc guides:  https://www.rabbitmq.com/docs
  Support:     https://www.rabbitmq.com/docs/contact
  Tutorials:   https://www.rabbitmq.com/tutorials
  Monitoring:  https://www.rabbitmq.com/docs/monitoring
  Upgrading:   https://www.rabbitmq.com/docs/upgrade

  Logs: <stdout>
        c:/Users/joshu/Downloads/Proyecto Desarrollo/runtime/rabbitmq431/log/rabbit@localhost.log

  Config file(s): (none)

  Starting broker... completed with 3 plugins.
[os_mon] win32 supervisor port (win32sysinfo): Erlang has closed
