WARNING: A terminally deprecated method in sun.misc.Unsafe has been called
WARNING: sun.misc.Unsafe::staticFieldBase has been called by com.google.inject.internal.aop.HiddenClassDefiner (file:/C:/Users/joshu/OneDrive/Documentos/Progra/apache-maven-3.9.11/lib/guice-5.1.0-classes.jar)
WARNING: Please consider reporting this to the maintainers of class com.google.inject.internal.aop.HiddenClassDefiner
WARNING: sun.misc.Unsafe::staticFieldBase will be removed in a future release
[INFO] Scanning for projects...
[INFO] 
[INFO] ----------------------< com.granmalo:veterinaria >----------------------
[INFO] Building Veterinaria Gran Malo 0.0.1-SNAPSHOT
[INFO]   from pom.xml
[INFO] --------------------------------[ jar ]---------------------------------
[INFO] 
[INFO] >>> spring-boot:3.4.5:run (default-cli) > test-compile @ veterinaria >>>
[INFO] 
[INFO] --- resources:3.3.1:resources (default-resources) @ veterinaria ---
[INFO] Copying 1 resource from src\main\resources to target\classes
[INFO] Copying 15 resources from src\main\resources to target\classes
[INFO] 
[INFO] --- compiler:3.13.0:compile (default-compile) @ veterinaria ---
[INFO] Recompiling the module because of added or removed source files.
[INFO] Compiling 23 source files with javac [debug parameters release 21] to target\classes
[INFO] 
[INFO] --- resources:3.3.1:testResources (default-testResources) @ veterinaria ---
[INFO] skip non existing resourceDirectory C:\Users\joshu\Downloads\Proyecto Desarrollo\VeterinariaSpring\src\test\resources
[INFO] 
[INFO] --- compiler:3.13.0:testCompile (default-testCompile) @ veterinaria ---
[INFO] No sources to compile
[INFO] 
[INFO] <<< spring-boot:3.4.5:run (default-cli) < test-compile @ veterinaria <<<
[INFO] 
[INFO] 
[INFO] --- spring-boot:3.4.5:run (default-cli) @ veterinaria ---
[INFO] Attaching agents: []

  .   ____          _            __ _ _
 /\\ / ___'_ __ _ _(_)_ __  __ _ \ \ \ \
( ( )\___ | '_ | '_| | '_ \/ _` | \ \ \ \
 \\/  ___)| |_)| | | | | || (_| |  ) ) ) )
  '  |____| .__|_| |_|_| |_\__, | / / / /
 =========|_|==============|___/=/_/_/_/

 :: Spring Boot ::                (v3.4.5)

2026-05-26T23:47:16.410-06:00  INFO 23488 --- [veterinaria-gran-malo] [  restartedMain] c.g.veterinaria.VeterinariaApplication   : Starting VeterinariaApplication using Java 25.0.3 with PID 23488 (C:\Users\joshu\Downloads\Proyecto Desarrollo\VeterinariaSpring\target\classes started by joshu in C:\Users\joshu\Downloads\Proyecto Desarrollo\VeterinariaSpring)
2026-05-26T23:47:16.413-06:00  INFO 23488 --- [veterinaria-gran-malo] [  restartedMain] c.g.veterinaria.VeterinariaApplication   : No active profile set, falling back to 1 default profile: "default"
2026-05-26T23:47:16.494-06:00  INFO 23488 --- [veterinaria-gran-malo] [  restartedMain] o.s.b.devtools.restart.ChangeableUrls    : The Class-Path manifest attribute in C:\Users\joshu\.m2\repository\com\oracle\database\jdbc\ojdbc11\23.5.0.24.07\ojdbc11-23.5.0.24.07.jar referenced one or more files that do not exist: file:/C:/Users/joshu/.m2/repository/com/oracle/database/jdbc/ojdbc11/23.5.0.24.07/oraclepki.jar
2026-05-26T23:47:16.494-06:00  INFO 23488 --- [veterinaria-gran-malo] [  restartedMain] .e.DevToolsPropertyDefaultsPostProcessor : Devtools property defaults active! Set 'spring.devtools.add-properties' to 'false' to disable
2026-05-26T23:47:16.495-06:00  INFO 23488 --- [veterinaria-gran-malo] [  restartedMain] .e.DevToolsPropertyDefaultsPostProcessor : For additional web related logging consider setting the 'logging.level.web' property to 'DEBUG'
2026-05-26T23:47:17.518-06:00  INFO 23488 --- [veterinaria-gran-malo] [  restartedMain] .s.d.r.c.RepositoryConfigurationDelegate : Multiple Spring Data modules found, entering strict repository configuration mode
2026-05-26T23:47:17.523-06:00  INFO 23488 --- [veterinaria-gran-malo] [  restartedMain] .s.d.r.c.RepositoryConfigurationDelegate : Bootstrapping Spring Data Redis repositories in DEFAULT mode.
2026-05-26T23:47:17.574-06:00  INFO 23488 --- [veterinaria-gran-malo] [  restartedMain] .s.d.r.c.RepositoryConfigurationDelegate : Finished Spring Data repository scanning in 25 ms. Found 0 Redis repository interfaces.
2026-05-26T23:47:18.684-06:00  INFO 23488 --- [veterinaria-gran-malo] [  restartedMain] o.s.b.w.embedded.tomcat.TomcatWebServer  : Tomcat initialized with port 8080 (http)
2026-05-26T23:47:18.708-06:00  INFO 23488 --- [veterinaria-gran-malo] [  restartedMain] o.apache.catalina.core.StandardService   : Starting service [Tomcat]
2026-05-26T23:47:18.709-06:00  INFO 23488 --- [veterinaria-gran-malo] [  restartedMain] o.apache.catalina.core.StandardEngine    : Starting Servlet engine: [Apache Tomcat/10.1.40]
2026-05-26T23:47:18.808-06:00  INFO 23488 --- [veterinaria-gran-malo] [  restartedMain] o.a.c.c.C.[Tomcat].[localhost].[/]       : Initializing Spring embedded WebApplicationContext
2026-05-26T23:47:18.809-06:00  INFO 23488 --- [veterinaria-gran-malo] [  restartedMain] w.s.c.ServletWebServerApplicationContext : Root WebApplicationContext: initialization completed in 2314 ms
2026-05-26T23:47:19.725-06:00  INFO 23488 --- [veterinaria-gran-malo] [  restartedMain] o.s.b.a.w.s.WelcomePageHandlerMapping    : Adding welcome page template: index
WARNING: A terminally deprecated method in sun.misc.Unsafe has been called
WARNING: sun.misc.Unsafe::allocateMemory has been called by io.netty.util.internal.PlatformDependent0$2 (file:/C:/Users/joshu/.m2/repository/io/netty/netty-common/4.1.119.Final/netty-common-4.1.119.Final.jar)
WARNING: Please consider reporting this to the maintainers of class io.netty.util.internal.PlatformDependent0$2
WARNING: sun.misc.Unsafe::allocateMemory will be removed in a future release
2026-05-26T23:47:20.840-06:00  INFO 23488 --- [veterinaria-gran-malo] [  restartedMain] o.s.b.d.a.OptionalLiveReloadServer       : LiveReload server is running on port 35729
2026-05-26T23:47:20.898-06:00  INFO 23488 --- [veterinaria-gran-malo] [  restartedMain] o.s.b.w.embedded.tomcat.TomcatWebServer  : Tomcat started on port 8080 (http) with context path '/'
2026-05-26T23:47:20.912-06:00  INFO 23488 --- [veterinaria-gran-malo] [  restartedMain] c.g.veterinaria.VeterinariaApplication   : Started VeterinariaApplication in 5.134 seconds (process running for 5.811)
2026-05-26T23:47:20.922-06:00  INFO 23488 --- [veterinaria-gran-malo] [  restartedMain] o.s.a.r.c.CachingConnectionFactory       : Attempting to connect to: [localhost:5672]
2026-05-26T23:47:21.008-06:00  INFO 23488 --- [veterinaria-gran-malo] [  restartedMain] o.s.a.r.c.CachingConnectionFactory       : Created new connection: rabbitConnectionFactory#13248291:0/SimpleConnection@2e2d6ee3 [delegate=amqp://guest@127.0.0.1:5672/, localPort=60917]
2026-05-26T23:47:57.733-06:00  INFO 23488 --- [veterinaria-gran-malo] [nio-8080-exec-1] o.a.c.c.C.[Tomcat].[localhost].[/]       : Initializing Spring DispatcherServlet 'dispatcherServlet'
2026-05-26T23:47:57.733-06:00  INFO 23488 --- [veterinaria-gran-malo] [nio-8080-exec-1] o.s.web.servlet.DispatcherServlet        : Initializing Servlet 'dispatcherServlet'
2026-05-26T23:47:57.735-06:00  INFO 23488 --- [veterinaria-gran-malo] [nio-8080-exec-1] o.s.web.servlet.DispatcherServlet        : Completed initialization in 1 ms
2026-05-26T23:47:58.615-06:00  INFO 23488 --- [veterinaria-gran-malo] [nio-8080-exec-8] com.zaxxer.hikari.HikariDataSource       : HikariPool-1 - Starting...
2026-05-26T23:47:59.147-06:00  INFO 23488 --- [veterinaria-gran-malo] [nio-8080-exec-8] com.zaxxer.hikari.pool.HikariPool        : HikariPool-1 - Added connection oracle.jdbc.driver.T4CConnection@2d087ec0
2026-05-26T23:47:59.150-06:00  INFO 23488 --- [veterinaria-gran-malo] [nio-8080-exec-8] com.zaxxer.hikari.HikariDataSource       : HikariPool-1 - Start completed.
2026-05-26T23:50:30.741-06:00  WARN 23488 --- [veterinaria-gran-malo] [ 127.0.0.1:5672] c.r.c.impl.ForgivingExceptionHandler     : An unexpected connection driver error occurred (Exception message: Connection reset)
[INFO] ------------------------------------------------------------------------
[INFO] BUILD FAILURE
[INFO] ------------------------------------------------------------------------
[INFO] Total time:  03:22 min
[INFO] Finished at: 2026-05-26T23:50:30-06:00
[INFO] ------------------------------------------------------------------------
[ERROR] Failed to execute goal org.springframework.boot:spring-boot-maven-plugin:3.4.5:run (default-cli) on project veterinaria: Process terminated with exit code: -1 -> [Help 1]
[ERROR] 
[ERROR] To see the full stack trace of the errors, re-run Maven with the -e switch.
[ERROR] Re-run Maven using the -X switch to enable full debug logging.
[ERROR] 
[ERROR] For more information about the errors and possible solutions, please read the following articles:
[ERROR] [Help 1] http://cwiki.apache.org/confluence/display/MAVEN/MojoExecutionException
