
  .   ____          _            __ _ _
 /\\ / ___'_ __ _ _(_)_ __  __ _ \ \ \ \
( ( )\___ | '_ | '_| | '_ \/ _` | \ \ \ \
 \\/  ___)| |_)| | | | | || (_| |  ) ) ) )
  '  |____| .__|_| |_|_| |_\__, | / / / /
 =========|_|==============|___/=/_/_/_/

 :: Spring Boot ::                (v3.4.5)

2026-05-26T15:48:53.889-06:00  INFO 27344 --- [veterinaria-gran-malo] [           main] c.g.veterinaria.VeterinariaApplication   : Starting VeterinariaApplication v0.0.1-SNAPSHOT using Java 21.0.9 with PID 27344 (C:\Users\joshu\Downloads\Proyecto bases\VeterinariaSpring\target\veterinaria-0.0.1-SNAPSHOT.jar started by joshu in C:\Users\joshu\Downloads\Proyecto bases\VeterinariaSpring)
2026-05-26T15:48:53.896-06:00  INFO 27344 --- [veterinaria-gran-malo] [           main] c.g.veterinaria.VeterinariaApplication   : No active profile set, falling back to 1 default profile: "default"
2026-05-26T15:48:55.421-06:00  INFO 27344 --- [veterinaria-gran-malo] [           main] .s.d.r.c.RepositoryConfigurationDelegate : Multiple Spring Data modules found, entering strict repository configuration mode
2026-05-26T15:48:55.427-06:00  INFO 27344 --- [veterinaria-gran-malo] [           main] .s.d.r.c.RepositoryConfigurationDelegate : Bootstrapping Spring Data Redis repositories in DEFAULT mode.
2026-05-26T15:48:55.477-06:00  INFO 27344 --- [veterinaria-gran-malo] [           main] .s.d.r.c.RepositoryConfigurationDelegate : Finished Spring Data repository scanning in 22 ms. Found 0 Redis repository interfaces.
2026-05-26T15:48:56.801-06:00  INFO 27344 --- [veterinaria-gran-malo] [           main] o.s.b.w.embedded.tomcat.TomcatWebServer  : Tomcat initialized with port 8080 (http)
2026-05-26T15:48:56.825-06:00  INFO 27344 --- [veterinaria-gran-malo] [           main] o.apache.catalina.core.StandardService   : Starting service [Tomcat]
2026-05-26T15:48:56.827-06:00  INFO 27344 --- [veterinaria-gran-malo] [           main] o.apache.catalina.core.StandardEngine    : Starting Servlet engine: [Apache Tomcat/10.1.40]
2026-05-26T15:48:56.887-06:00  INFO 27344 --- [veterinaria-gran-malo] [           main] o.a.c.c.C.[Tomcat].[localhost].[/]       : Initializing Spring embedded WebApplicationContext
2026-05-26T15:48:56.893-06:00  INFO 27344 --- [veterinaria-gran-malo] [           main] w.s.c.ServletWebServerApplicationContext : Root WebApplicationContext: initialization completed in 2903 ms
2026-05-26T15:48:58.106-06:00  INFO 27344 --- [veterinaria-gran-malo] [           main] o.s.b.a.w.s.WelcomePageHandlerMapping    : Adding welcome page template: index
2026-05-26T15:49:00.116-06:00  INFO 27344 --- [veterinaria-gran-malo] [           main] o.s.b.w.embedded.tomcat.TomcatWebServer  : Tomcat started on port 8080 (http) with context path '/'
2026-05-26T15:49:00.138-06:00  INFO 27344 --- [veterinaria-gran-malo] [           main] c.g.veterinaria.VeterinariaApplication   : Started VeterinariaApplication in 7.072 seconds (process running for 8.002)
2026-05-26T15:49:00.155-06:00  INFO 27344 --- [veterinaria-gran-malo] [           main] o.s.a.r.c.CachingConnectionFactory       : Attempting to connect to: [localhost:5672]
2026-05-26T15:49:00.251-06:00  INFO 27344 --- [veterinaria-gran-malo] [           main] o.s.a.r.c.CachingConnectionFactory       : Created new connection: rabbitConnectionFactory#5c313224:0/SimpleConnection@559e3f67 [delegate=amqp://guest@127.0.0.1:5672/, localPort=54762]
2026-05-26T15:49:04.147-06:00  INFO 27344 --- [veterinaria-gran-malo] [nio-8080-exec-1] o.a.c.c.C.[Tomcat].[localhost].[/]       : Initializing Spring DispatcherServlet 'dispatcherServlet'
2026-05-26T15:49:04.151-06:00  INFO 27344 --- [veterinaria-gran-malo] [nio-8080-exec-1] o.s.web.servlet.DispatcherServlet        : Initializing Servlet 'dispatcherServlet'
2026-05-26T15:49:04.154-06:00  INFO 27344 --- [veterinaria-gran-malo] [nio-8080-exec-1] o.s.web.servlet.DispatcherServlet        : Completed initialization in 0 ms
2026-05-26T15:49:04.227-06:00  INFO 27344 --- [veterinaria-gran-malo] [nio-8080-exec-1] com.zaxxer.hikari.HikariDataSource       : HikariPool-1 - Starting...
2026-05-26T15:49:04.835-06:00  INFO 27344 --- [veterinaria-gran-malo] [nio-8080-exec-1] com.zaxxer.hikari.pool.HikariPool        : HikariPool-1 - Added connection oracle.jdbc.driver.T4CConnection@2741a9ec
2026-05-26T15:49:04.842-06:00  INFO 27344 --- [veterinaria-gran-malo] [nio-8080-exec-1] com.zaxxer.hikari.HikariDataSource       : HikariPool-1 - Start completed.
2026-05-26T15:53:01.442-06:00  WARN 27344 --- [veterinaria-gran-malo] [ 127.0.0.1:5672] c.r.c.impl.ForgivingExceptionHandler     : An unexpected connection driver error occurred (Exception message: Connection reset)
