2026-05-26 15:09:26.194000-06:00 [notice] <0.209.0> Logging: configured log handlers are now ACTIVE
2026-05-26 15:09:26.223000-06:00 [info] <0.209.0> ra: starting system coordination
2026-05-26 15:09:26.223000-06:00 [info] <0.209.0> starting Ra system: coordination in directory: c:/Users/joshu/Downloads/Proyecto bases/runtime/rabbitmq/db/rabbit@localhost-mnesia/coordination/rabbit@localhost
2026-05-26 15:09:26.252000-06:00 [info] <0.218.0> ra_coordination_log_ets: in system coordination initialising. Mem table opts: [set,{write_concurrency,auto},public,{compressed,false}]
2026-05-26 15:09:26.431000-06:00 [info] <0.224.0> ra system 'coordination' running pre init for 0 registered servers
2026-05-26 15:09:26.446000-06:00 [info] <0.225.0> ra: meta data store initialised for system coordination. 0 record(s) recovered
2026-05-26 15:09:26.461000-06:00 [info] <0.232.0> segment_writer: upgrading segment file names to new format in dirctory c:/Users/joshu/Downloads/Proyecto bases/runtime/rabbitmq/db/rabbit@localhost-mnesia/coordination/rabbit@localhost
2026-05-26 15:09:26.502000-06:00 [notice] <0.234.0> WAL in coordination initialising with name ra_coordination_log_wal
2026-05-26 15:09:26.553000-06:00 [info] <0.209.0> ra: starting system quorum_queues
2026-05-26 15:09:26.553000-06:00 [info] <0.209.0> starting Ra system: quorum_queues in directory: c:/Users/joshu/Downloads/Proyecto bases/runtime/rabbitmq/db/rabbit@localhost-mnesia/quorum/rabbit@localhost
2026-05-26 15:09:26.555000-06:00 [info] <0.238.0> ra_log_ets: in system quorum_queues initialising. Mem table opts: [set,{write_concurrency,auto},public,{compressed,true}]
2026-05-26 15:09:26.557000-06:00 [info] <0.242.0> ra system 'quorum_queues' running pre init for 0 registered servers
2026-05-26 15:09:26.557000-06:00 [info] <0.243.0> ra: meta data store initialised for system quorum_queues. 0 record(s) recovered
2026-05-26 15:09:26.561000-06:00 [info] <0.250.0> segment_writer: upgrading segment file names to new format in dirctory c:/Users/joshu/Downloads/Proyecto bases/runtime/rabbitmq/db/rabbit@localhost-mnesia/quorum/rabbit@localhost
2026-05-26 15:09:26.562000-06:00 [notice] <0.252.0> WAL in quorum_queues initialising with name ra_log_wal
2026-05-26 15:09:26.572000-06:00 [info] <0.254.0> ra_system_recover: ra system 'quorum_queues' server recovery strategy rabbit_quorum_queue:system_recover
2026-05-26 15:09:26.572000-06:00 [info] <0.254.0> [rabbit_quorum_queue:system_recover/1] rabbit not booted, skipping queue recovery
2026-05-26 15:09:26.574000-06:00 [info] <0.209.0> ra: starting system coordination
2026-05-26 15:09:26.574000-06:00 [info] <0.209.0> starting Ra system: coordination in directory: c:/Users/joshu/Downloads/Proyecto bases/runtime/rabbitmq/db/rabbit@localhost-mnesia/coordination/rabbit@localhost
2026-05-26 15:09:26.948000-06:00 [notice] <0.256.0> RabbitMQ metadata store: candidate -> leader in term: 1 machine version: 3, last applied 0
2026-05-26 15:09:26.952000-06:00 [info] <0.209.0> 
2026-05-26 15:09:26.952000-06:00 [info] <0.209.0>  Starting RabbitMQ 4.3.0 on Erlang 29.0 [jit]
2026-05-26 15:09:26.952000-06:00 [info] <0.209.0>  Copyright (c) 2007-2026 Broadcom Inc and/or its subsidiaries
2026-05-26 15:09:26.952000-06:00 [info] <0.209.0>  Licensed under the MPL 2.0. Website: https://rabbitmq.com
2026-05-26 15:09:26.966000-06:00 [info] <0.209.0> 
2026-05-26 15:09:26.966000-06:00 [info] <0.209.0>  node           : rabbit@localhost
2026-05-26 15:09:26.966000-06:00 [info] <0.209.0>  home dir       : c:/Users/joshu/Downloads/Proyecto bases/runtime/rabbitmq
2026-05-26 15:09:26.966000-06:00 [info] <0.209.0>  config file(s) : (none)
2026-05-26 15:09:26.966000-06:00 [info] <0.209.0>  log(s)         : <stdout>
2026-05-26 15:09:26.966000-06:00 [info] <0.209.0>                 : c:/Users/joshu/Downloads/Proyecto bases/runtime/rabbitmq/log/rabbit@localhost.log
2026-05-26 15:09:26.966000-06:00 [info] <0.209.0>  data dir       : c:/Users/joshu/Downloads/Proyecto bases/runtime/rabbitmq/db/rabbit@localhost-mnesia
2026-05-26 15:09:27.208000-06:00 [notice] <0.259.0> Feature flags: attempt to enable `khepri_db`...
2026-05-26 15:09:27.331000-06:00 [notice] <0.259.0> Feature flags: `khepri_db` enabled
2026-05-26 15:09:27.331000-06:00 [notice] <0.259.0> Feature flags: attempt to enable `message_containers_deaths_v2`...
2026-05-26 15:09:27.344000-06:00 [notice] <0.259.0> Feature flags: `message_containers_deaths_v2` enabled
2026-05-26 15:09:27.344000-06:00 [notice] <0.259.0> Feature flags: attempt to enable `quorum_queue_non_voters`...
2026-05-26 15:09:27.354000-06:00 [notice] <0.259.0> Feature flags: `quorum_queue_non_voters` enabled
2026-05-26 15:09:27.354000-06:00 [notice] <0.259.0> Feature flags: attempt to enable `rabbit_exchange_type_local_random`...
2026-05-26 15:09:27.367000-06:00 [notice] <0.259.0> Feature flags: `rabbit_exchange_type_local_random` enabled
2026-05-26 15:09:27.367000-06:00 [notice] <0.259.0> Feature flags: attempt to enable `rabbitmq_4.0.0`...
2026-05-26 15:09:27.377000-06:00 [notice] <0.259.0> Feature flags: `rabbitmq_4.0.0` enabled
2026-05-26 15:09:27.377000-06:00 [notice] <0.259.0> Feature flags: attempt to enable `rabbitmq_4.1.0`...
2026-05-26 15:09:27.391000-06:00 [notice] <0.259.0> Feature flags: `rabbitmq_4.1.0` enabled
2026-05-26 15:09:27.391000-06:00 [notice] <0.259.0> Feature flags: attempt to enable `rabbitmq_4.2.0`...
2026-05-26 15:09:27.408000-06:00 [notice] <0.259.0> Feature flags: `rabbitmq_4.2.0` enabled
2026-05-26 15:09:27.414000-06:00 [info] <0.209.0> Running boot step pre_boot defined by app rabbit
2026-05-26 15:09:27.414000-06:00 [info] <0.209.0> Running boot step rabbit_registry defined by app rabbit
2026-05-26 15:09:27.414000-06:00 [info] <0.209.0> Running boot step rabbit_quorum_queue defined by app rabbit
2026-05-26 15:09:27.414000-06:00 [info] <0.209.0> Running boot step rabbit_policies defined by app rabbit
2026-05-26 15:09:27.414000-06:00 [info] <0.209.0> Running boot step rabbit_global_counters defined by app rabbit
2026-05-26 15:09:27.414000-06:00 [info] <0.209.0> Running boot step rabbit_osiris_metrics defined by app rabbit
2026-05-26 15:09:27.414000-06:00 [info] <0.209.0> Running boot step rabbit_core_metrics defined by app rabbit
2026-05-26 15:09:27.417000-06:00 [info] <0.209.0> Running boot step worker_pool defined by app rabbit
2026-05-26 15:09:27.417000-06:00 [info] <0.258.0> Will use 16 processes for default worker pool
2026-05-26 15:09:27.417000-06:00 [info] <0.258.0> Starting worker pool 'worker_pool' with 16 processes in it
2026-05-26 15:09:27.450000-06:00 [info] <0.209.0> Running boot step database defined by app rabbit
2026-05-26 15:09:27.451000-06:00 [info] <0.209.0> Peer discovery: configured backend: rabbit_peer_discovery_classic_config
2026-05-26 15:09:27.451000-06:00 [info] <0.259.0> Feature flags: starting an unclustered node for the first time: all stable feature flags will be enabled by default
2026-05-26 15:09:27.451000-06:00 [notice] <0.259.0> Feature flags: attempt to enable `topic_binding_projection_v4`...
2026-05-26 15:09:27.453000-06:00 [notice] <0.259.0> Feature flags: attempt to enable `rabbitmq_4.3.0`...
2026-05-26 15:09:27.466000-06:00 [notice] <0.259.0> Feature flags: `rabbitmq_4.3.0` enabled
2026-05-26 15:09:27.727000-06:00 [error] <0.337.0> Feature flags: error while running:
2026-05-26 15:09:27.727000-06:00 [error] <0.337.0> Feature flags:   rabbit_khepri:topic_binding_projection_enable[#{command =>
2026-05-26 15:09:27.727000-06:00 [error] <0.337.0>                                                                   enable,
2026-05-26 15:09:27.727000-06:00 [error] <0.337.0>                                                                  nodes =>
2026-05-26 15:09:27.727000-06:00 [error] <0.337.0>                                                                   [rabbit@localhost],
2026-05-26 15:09:27.727000-06:00 [error] <0.337.0>                                                                  feature_name =>
2026-05-26 15:09:27.727000-06:00 [error] <0.337.0>                                                                   topic_binding_projection_v4,
2026-05-26 15:09:27.727000-06:00 [error] <0.337.0>                                                                  feature_props =>
2026-05-26 15:09:27.727000-06:00 [error] <0.337.0>                                                                   #{name =>
2026-05-26 15:09:27.727000-06:00 [error] <0.337.0>                                                                      topic_binding_projection_v4,
2026-05-26 15:09:27.727000-06:00 [error] <0.337.0>                                                                     callbacks =>
2026-05-26 15:09:27.727000-06:00 [error] <0.337.0>                                                                      #{enable =>
2026-05-26 15:09:27.727000-06:00 [error] <0.337.0>                                                                         {rabbit_khepri,
2026-05-26 15:09:27.727000-06:00 [error] <0.337.0>                                                                          topic_binding_projection_enable},
2026-05-26 15:09:27.727000-06:00 [error] <0.337.0>                                                                        post_enable =>
2026-05-26 15:09:27.727000-06:00 [error] <0.337.0>                                                                         {rabbit_khepri,
2026-05-26 15:09:27.727000-06:00 [error] <0.337.0>                                                                          topic_binding_projection_post_enable}},
2026-05-26 15:09:27.727000-06:00 [error] <0.337.0>                                                                     desc =>
2026-05-26 15:09:27.727000-06:00 [error] <0.337.0>                                                                      "Enable the topic binding Khepri projection v4",
2026-05-26 15:09:27.727000-06:00 [error] <0.337.0>                                                                     stability =>
2026-05-26 15:09:27.727000-06:00 [error] <0.337.0>                                                                      stable,
2026-05-26 15:09:27.727000-06:00 [error] <0.337.0>                                                                     depends_on =>
2026-05-26 15:09:27.727000-06:00 [error] <0.337.0>                                                                      ['rabbitmq_4.3.0'],
2026-05-26 15:09:27.727000-06:00 [error] <0.337.0>                                                                     provided_by =>
2026-05-26 15:09:27.727000-06:00 [error] <0.337.0>                                                                      rabbit}}]
2026-05-26 15:09:27.727000-06:00 [error] <0.337.0> Feature flags: on node `rabbit@localhost`:
2026-05-26 15:09:27.727000-06:00 [error] <0.337.0> Feature flags:   exception throw: {horus,extraction_denied,
2026-05-26 15:09:27.727000-06:00 [error] <0.337.0> Feature flags:                        #{error =>
2026-05-26 15:09:27.727000-06:00 [error] <0.337.0> Feature flags:                              {unknown_instruction,{line,[{location,[],1691}]}}}}
2026-05-26 15:09:27.727000-06:00 [error] <0.337.0> Feature flags:     in function  horus:process_errors/1 (src/horus.erl:2807)
2026-05-26 15:09:27.727000-06:00 [error] <0.337.0> Feature flags:     in call from horus:to_standalone_fun3/2 (src/horus.erl:500)
2026-05-26 15:09:27.727000-06:00 [error] <0.337.0> Feature flags:     in call from horus:to_standalone_fun2/2 (src/horus.erl:427)
2026-05-26 15:09:27.727000-06:00 [error] <0.337.0> Feature flags:     in call from horus:to_standalone_fun/2 (src/horus.erl:381)
2026-05-26 15:09:27.727000-06:00 [error] <0.337.0> Feature flags:     in call from khepri_projection:new/3 (src/khepri_projection.erl:434)
2026-05-26 15:09:27.727000-06:00 [error] <0.337.0> Feature flags:     in call from rabbit_khepri:register_rabbit_topic_trie_projection/0 (rabbit_khepri.erl:1715)
2026-05-26 15:09:27.727000-06:00 [error] <0.337.0> Feature flags:     in call from rabbit_khepri:topic_binding_projection_enable/1 (rabbit_khepri.erl:1830)
2026-05-26 15:09:27.727000-06:00 [error] <0.337.0> Feature flags:     in call from erpc:execute_call/3 (erpc.erl:1281)
2026-05-26 15:09:27.727000-06:00 [error] <0.337.0> 
2026-05-26 15:09:27.733000-06:00 [error] <0.259.0> Feature flags: failed to enable `topic_binding_projection_v4`: {error,
2026-05-26 15:09:27.733000-06:00 [error] <0.259.0>                                                                 {horus,
2026-05-26 15:09:27.733000-06:00 [error] <0.259.0>                                                                  extraction_denied,
2026-05-26 15:09:27.733000-06:00 [error] <0.259.0>                                                                  #{error =>
2026-05-26 15:09:27.733000-06:00 [error] <0.259.0>                                                                     {unknown_instruction,
2026-05-26 15:09:27.733000-06:00 [error] <0.259.0>                                                                      {line,
2026-05-26 15:09:27.733000-06:00 [error] <0.259.0>                                                                       [{location,
2026-05-26 15:09:27.733000-06:00 [error] <0.259.0>                                                                         [],
2026-05-26 15:09:27.733000-06:00 [error] <0.259.0>                                                                         1691}]}}}}}
2026-05-26 15:09:27.736000-06:00 [error] <0.209.0> 
2026-05-26 15:09:27.736000-06:00 [error] <0.209.0> BOOT FAILED
2026-05-26 15:09:27.736000-06:00 [error] <0.209.0> ===========
2026-05-26 15:09:27.736000-06:00 [error] <0.209.0> Error during startup: {error,
2026-05-26 15:09:27.736000-06:00 [error] <0.209.0>                        {incompatible_feature_flags,
2026-05-26 15:09:27.736000-06:00 [error] <0.209.0>                         {horus,extraction_denied,
2026-05-26 15:09:27.736000-06:00 [error] <0.209.0>                          #{error =>
2026-05-26 15:09:27.736000-06:00 [error] <0.209.0>                             {unknown_instruction,
2026-05-26 15:09:27.736000-06:00 [error] <0.209.0>                              {line,[{location,[],1691}]}}}}}}
2026-05-26 15:09:27.736000-06:00 [error] <0.209.0> 
2026-05-26 15:09:28.748000-06:00 [notice] <0.45.0> Application rabbit exited with reason: {{incompatible_feature_flags,{horus,extraction_denied,#{error => {unknown_instruction,{line,[{location,[],1691}]}}}}},{rabbit,start,[normal,[]]}}
2026-05-26 15:09:28.748000-06:00 [error] <0.208.0>   crasher:
2026-05-26 15:09:28.748000-06:00 [error] <0.208.0>     initial call: application_master:init/3
2026-05-26 15:09:28.748000-06:00 [error] <0.208.0>     pid: <0.208.0>
2026-05-26 15:09:28.748000-06:00 [error] <0.208.0>     registered_name: []
2026-05-26 15:09:28.748000-06:00 [error] <0.208.0>     exception exit: {{incompatible_feature_flags,
2026-05-26 15:09:28.748000-06:00 [error] <0.208.0>                          {horus,extraction_denied,
2026-05-26 15:09:28.748000-06:00 [error] <0.208.0>                              #{error =>
2026-05-26 15:09:28.748000-06:00 [error] <0.208.0>                                    {unknown_instruction,
2026-05-26 15:09:28.748000-06:00 [error] <0.208.0>                                        {line,[{location,[],1691}]}}}}},
2026-05-26 15:09:28.748000-06:00 [error] <0.208.0>                      {rabbit,start,[normal,[]]}}
2026-05-26 15:09:28.748000-06:00 [error] <0.208.0>       in function  application_master:init/3 (application_master.erl:147)
2026-05-26 15:09:28.748000-06:00 [error] <0.208.0>     ancestors: [application_controller,<0.10.0>]
2026-05-26 15:09:28.748000-06:00 [error] <0.208.0>     message_queue_len: 1
2026-05-26 15:09:28.748000-06:00 [error] <0.208.0>     messages: [{'EXIT',<0.209.0>,normal}]
2026-05-26 15:09:28.748000-06:00 [error] <0.208.0>     links: [<0.45.0>]
2026-05-26 15:09:28.748000-06:00 [error] <0.208.0>     dictionary: []
2026-05-26 15:09:28.748000-06:00 [error] <0.208.0>     trap_exit: true
2026-05-26 15:09:28.748000-06:00 [error] <0.208.0>     status: running
2026-05-26 15:09:28.748000-06:00 [error] <0.208.0>     heap_size: 2586
2026-05-26 15:09:28.748000-06:00 [error] <0.208.0>     stack_size: 29
2026-05-26 15:09:28.748000-06:00 [error] <0.208.0>     reductions: 165
2026-05-26 15:09:28.748000-06:00 [error] <0.208.0>   neighbours:
2026-05-26 15:09:28.748000-06:00 [error] <0.208.0> 
2026-05-26 15:09:28.752000-06:00 [warning] <0.256.0> RabbitMQ metadata store: worker exited with shutdown
