[Tue May 26 15:13:58.476792 2026] [mpm_winnt:notice] [pid 22852:tid 392] AH00455: Apache/2.4.67 (Win64) configured -- resuming normal operations
[Tue May 26 15:13:58.478788 2026] [mpm_winnt:notice] [pid 22852:tid 392] AH00456: Apache Lounge VS18 Server built: Apr 30 2026 10:48:38
[Tue May 26 15:13:58.478788 2026] [core:notice] [pid 22852:tid 392] AH00094: Command line: 'V:\\tools\\httpd-2.4.67-260504-Win64-VS18\\Apache24\\bin\\httpd.exe -d V:/tools/httpd-2.4.67-260504-Win64-VS18/Apache24 -f V:/tools/httpd-2.4.67-260504-Win64-VS18/Apache24/conf/apache-proxy.conf'
[Tue May 26 15:13:58.488896 2026] [mpm_winnt:notice] [pid 22852:tid 392] AH00418: Parent: Created child process 28916
[Tue May 26 15:13:59.108513 2026] [mpm_winnt:notice] [pid 28916:tid 380] AH00354: Child: Starting 64 worker threads.
[Tue May 26 15:53:01.446630 2026] [mpm_winnt:crit] [pid 28916:tid 380] AH02538: Child: Parent process exited abruptly. Child process is ending
[Tue May 26 15:53:01.447629 2026] [mpm_winnt:warn] [pid 28916:tid 216] (OS 995)La operación de E/S se anuló por una salida de subproceso o por una solicitud de aplicación.  : AH00341: winnt_accept: Asynchronous AcceptEx failed.
[Tue May 26 15:53:01.447629 2026] [mpm_winnt:warn] [pid 28916:tid 396] (OS 995)La operación de E/S se anuló por una salida de subproceso o por una solicitud de aplicación.  : AH00341: winnt_accept: Asynchronous AcceptEx failed.
[Tue May 26 15:53:03.466115 2026] [mpm_winnt:notice] [pid 28916:tid 380] AH00364: Child: All worker threads have exited.
[Tue May 26 15:56:35.574866 2026] [core:warn] [pid 14524:tid 404] AH00098: pid file V:/runtime/apache/httpd.pid overwritten -- Unclean shutdown of previous Apache run?
[Tue May 26 15:56:35.579871 2026] [mpm_winnt:notice] [pid 14524:tid 404] AH00455: Apache/2.4.67 (Win64) configured -- resuming normal operations
[Tue May 26 15:56:35.579871 2026] [mpm_winnt:notice] [pid 14524:tid 404] AH00456: Apache Lounge VS18 Server built: Apr 30 2026 10:48:38
[Tue May 26 15:56:35.579871 2026] [core:notice] [pid 14524:tid 404] AH00094: Command line: 'V:\\tools\\httpd-2.4.67-260504-Win64-VS18\\Apache24\\bin\\httpd.exe -d V:/tools/httpd-2.4.67-260504-Win64-VS18/Apache24 -f V:/tools/httpd-2.4.67-260504-Win64-VS18/Apache24/conf/apache-proxy.conf'
[Tue May 26 15:56:35.592974 2026] [mpm_winnt:notice] [pid 14524:tid 404] AH00418: Parent: Created child process 7644
[Tue May 26 15:56:36.118127 2026] [mpm_winnt:notice] [pid 7644:tid 356] AH00354: Child: Starting 64 worker threads.
[Tue May 26 15:56:42.691718 2026] [proxy:error] [pid 7644:tid 972] (OS 10061)No se puede establecer una conexión ya que el equipo de destino denegó expresamente dicha conexión.  : AH00957: http: attempt to connect to 127.0.0.1:8080 (127.0.0.1:8080) failed
[Tue May 26 15:56:42.693034 2026] [proxy_http:error] [pid 7644:tid 972] [client 127.0.0.1:52749] AH01114: HTTP: failed to make connection to backend: 127.0.0.1, referer: http://127.0.0.1:8090/operaciones
[Tue May 26 16:57:16.795819 2026] [core:warn] [pid 24620:tid 376] AH00098: pid file V:/runtime/apache/httpd.pid overwritten -- Unclean shutdown of previous Apache run?
[Tue May 26 16:57:16.801818 2026] [mpm_winnt:notice] [pid 24620:tid 376] AH00455: Apache/2.4.67 (Win64) configured -- resuming normal operations
[Tue May 26 16:57:16.801818 2026] [mpm_winnt:notice] [pid 24620:tid 376] AH00456: Apache Lounge VS18 Server built: Apr 30 2026 10:48:38
[Tue May 26 16:57:16.801818 2026] [core:notice] [pid 24620:tid 376] AH00094: Command line: 'V:\\tools\\httpd-2.4.67-260504-Win64-VS18\\Apache24\\bin\\httpd.exe -d V:/tools/httpd-2.4.67-260504-Win64-VS18/Apache24 -f V:/tools/httpd-2.4.67-260504-Win64-VS18/Apache24/conf/apache-proxy.conf'
[Tue May 26 16:57:16.811971 2026] [mpm_winnt:notice] [pid 24620:tid 376] AH00418: Parent: Created child process 164
Apache server shutdown initiated...
pm_winnt:notice] [pid 164:tid 360] AH00354: Child: Starting 64 worker threads.
[Tue May 26 16:57:23.731798 2026] [proxy:error] [pid 164:tid 980] (OS 10061)No se puede establecer una conexión ya que el equipo de destino denegó expresamente dicha conexión.  : AH00957: http: attempt to connect to 127.0.0.1:8080 (127.0.0.1:8080) failed
[Tue May 26 16:57:23.732791 2026] [proxy_http:error] [pid 164:tid 980] [client 127.0.0.1:57392] AH01114: HTTP: failed to make connection to backend: 127.0.0.1, referer: http://127.0.0.1:8090/operaciones
[Tue May 26 18:58:04.180970 2026] [mpm_winnt:notice] [pid 24620:tid 376] AH00422: Parent: Received shutdown signal -- Shutting down the server.
[Tue May 26 18:58:06.191319 2026] [mpm_winnt:notice] [pid 164:tid 360] AH00364: Child: All worker threads have exited.
[Tue May 26 18:58:06.211991 2026] [mpm_winnt:notice] [pid 24620:tid 376] AH00430: Parent: Child process 164 exited successfully.
[Tue May 26 22:36:49.108296 2026] [mpm_winnt:notice] [pid 30324:tid 352] AH00455: Apache/2.4.67 (Win64) configured -- resuming normal operations
[Tue May 26 22:36:49.108806 2026] [mpm_winnt:notice] [pid 30324:tid 352] AH00456: Apache Lounge VS18 Server built: Apr 30 2026 10:48:38
[Tue May 26 22:36:49.108806 2026] [core:notice] [pid 30324:tid 352] AH00094: Command line: 'V:\\tools\\httpd-2.4.67-260504-Win64-VS18\\Apache24\\bin\\httpd.exe -d V:/tools/httpd-2.4.67-260504-Win64-VS18/Apache24 -f V:/tools/httpd-2.4.67-260504-Win64-VS18/Apache24/conf/apache-proxy.conf'
[Tue May 26 22:36:49.121049 2026] [mpm_winnt:notice] [pid 30324:tid 352] AH00418: Parent: Created child process 480
[Tue May 26 22:36:49.692797 2026] [mpm_winnt:notice] [pid 480:tid 360] AH00354: Child: Starting 64 worker threads.
[Tue May 26 23:09:49.748784 2026] [core:warn] [pid 30312:tid 364] AH00098: pid file V:/runtime/apache/httpd.pid overwritten -- Unclean shutdown of previous Apache run?
[Tue May 26 23:09:49.754778 2026] [mpm_winnt:notice] [pid 30312:tid 364] AH00455: Apache/2.4.67 (Win64) configured -- resuming normal operations
[Tue May 26 23:09:49.754778 2026] [mpm_winnt:notice] [pid 30312:tid 364] AH00456: Apache Lounge VS18 Server built: Apr 30 2026 10:48:38
[Tue May 26 23:09:49.754778 2026] [core:notice] [pid 30312:tid 364] AH00094: Command line: 'V:\\tools\\httpd-2.4.67-260504-Win64-VS18\\Apache24\\bin\\httpd.exe -d V:/tools/httpd-2.4.67-260504-Win64-VS18/Apache24 -f V:/tools/httpd-2.4.67-260504-Win64-VS18/Apache24/conf/apache-proxy.conf'
[Tue May 26 23:09:49.767011 2026] [mpm_winnt:notice] [pid 30312:tid 364] AH00418: Parent: Created child process 12644
[Tue May 26 23:09:50.319354 2026] [mpm_winnt:notice] [pid 12644:tid 376] AH00354: Child: Starting 64 worker threads.
[Tue May 26 23:26:38.302155 2026] [mpm_winnt:crit] [pid 12644:tid 376] AH02538: Child: Parent process exited abruptly. Child process is ending
[Tue May 26 23:26:38.302155 2026] [mpm_winnt:warn] [pid 12644:tid 1064] (OS 995)La operación de E/S se anuló por una salida de subproceso o por una solicitud de aplicación.  : AH00341: winnt_accept: Asynchronous AcceptEx failed.
[Tue May 26 23:26:38.302155 2026] [mpm_winnt:warn] [pid 12644:tid 1072] (OS 995)La operación de E/S se anuló por una salida de subproceso o por una solicitud de aplicación.  : AH00341: winnt_accept: Asynchronous AcceptEx failed.
[Tue May 26 23:26:40.320070 2026] [mpm_winnt:notice] [pid 12644:tid 376] AH00364: Child: All worker threads have exited.
[Tue May 26 23:41:40.893563 2026] [core:warn] [pid 23952:tid 396] AH00098: pid file V:/runtime/apache/httpd.pid overwritten -- Unclean shutdown of previous Apache run?
[Tue May 26 23:41:40.899089 2026] [mpm_winnt:notice] [pid 23952:tid 396] AH00455: Apache/2.4.67 (Win64) configured -- resuming normal operations
[Tue May 26 23:41:40.899089 2026] [mpm_winnt:notice] [pid 23952:tid 396] AH00456: Apache Lounge VS18 Server built: Apr 30 2026 10:48:38
[Tue May 26 23:41:40.899089 2026] [core:notice] [pid 23952:tid 396] AH00094: Command line: 'V:\\tools\\httpd-2.4.67-260504-Win64-VS18\\Apache24\\bin\\httpd.exe -d V:/tools/httpd-2.4.67-260504-Win64-VS18/Apache24 -f V:/tools/httpd-2.4.67-260504-Win64-VS18/Apache24/conf/apache-proxy.conf'
[Tue May 26 23:41:40.908751 2026] [mpm_winnt:notice] [pid 23952:tid 396] AH00418: Parent: Created child process 4856
Apache server shutdown initiated...
pm_winnt:notice] [pid 4856:tid 364] AH00354: Child: Starting 64 worker threads.
[Tue May 26 23:46:16.294996 2026] [mpm_winnt:notice] [pid 23952:tid 396] AH00422: Parent: Received shutdown signal -- Shutting down the server.
[Tue May 26 23:46:18.305734 2026] [mpm_winnt:notice] [pid 4856:tid 364] AH00364: Child: All worker threads have exited.
[Tue May 26 23:46:18.322836 2026] [mpm_winnt:notice] [pid 23952:tid 396] AH00430: Parent: Child process 4856 exited successfully.
[Tue May 26 23:47:26.713979 2026] [mpm_winnt:notice] [pid 17456:tid 380] AH00455: Apache/2.4.67 (Win64) configured -- resuming normal operations
[Tue May 26 23:47:26.715949 2026] [mpm_winnt:notice] [pid 17456:tid 380] AH00456: Apache Lounge VS18 Server built: Apr 30 2026 10:48:38
[Tue May 26 23:47:26.715949 2026] [core:notice] [pid 17456:tid 380] AH00094: Command line: 'V:\\tools\\httpd-2.4.67-260504-Win64-VS18\\Apache24\\bin\\httpd.exe -d V:/tools/httpd-2.4.67-260504-Win64-VS18/Apache24 -f V:/tools/httpd-2.4.67-260504-Win64-VS18/Apache24/conf/apache-proxy.conf'
[Tue May 26 23:47:26.727818 2026] [mpm_winnt:notice] [pid 17456:tid 380] AH00418: Parent: Created child process 21168
[Tue May 26 23:47:27.242421 2026] [mpm_winnt:notice] [pid 21168:tid 180] AH00354: Child: Starting 64 worker threads.
[Tue May 26 23:50:30.805305 2026] [mpm_winnt:crit] [pid 21168:tid 180] AH02538: Child: Parent process exited abruptly. Child process is ending
[Tue May 26 23:50:30.805305 2026] [mpm_winnt:warn] [pid 21168:tid 1048] (OS 995)La operación de E/S se anuló por una salida de subproceso o por una solicitud de aplicación.  : AH00341: winnt_accept: Asynchronous AcceptEx failed.
[Tue May 26 23:50:30.805305 2026] [mpm_winnt:warn] [pid 21168:tid 1072] (OS 995)La operación de E/S se anuló por una salida de subproceso o por una solicitud de aplicación.  : AH00341: winnt_accept: Asynchronous AcceptEx failed.
[Tue May 26 23:50:32.812061 2026] [mpm_winnt:notice] [pid 21168:tid 180] AH00364: Child: All worker threads have exited.
[Tue May 26 23:53:10.973938 2026] [core:warn] [pid 18552:tid 352] AH00098: pid file V:/runtime/apache/httpd.pid overwritten -- Unclean shutdown of previous Apache run?
[Tue May 26 23:53:10.979619 2026] [mpm_winnt:notice] [pid 18552:tid 352] AH00455: Apache/2.4.67 (Win64) configured -- resuming normal operations
[Tue May 26 23:53:10.979619 2026] [mpm_winnt:notice] [pid 18552:tid 352] AH00456: Apache Lounge VS18 Server built: Apr 30 2026 10:48:38
[Tue May 26 23:53:10.979619 2026] [core:notice] [pid 18552:tid 352] AH00094: Command line: 'V:\\tools\\httpd-2.4.67-260504-Win64-VS18\\Apache24\\bin\\httpd.exe -d V:/tools/httpd-2.4.67-260504-Win64-VS18/Apache24 -f V:/tools/httpd-2.4.67-260504-Win64-VS18/Apache24/conf/apache-proxy.conf'
[Tue May 26 23:53:10.989301 2026] [mpm_winnt:notice] [pid 18552:tid 352] AH00418: Parent: Created child process 11556
Apache server shutdown initiated...
pm_winnt:notice] [pid 11556:tid 384] AH00354: Child: Starting 64 worker threads.
[Wed May 27 00:01:49.306213 2026] [mpm_winnt:notice] [pid 18552:tid 352] AH00422: Parent: Received shutdown signal -- Shutting down the server.
[Wed May 27 00:01:51.329748 2026] [mpm_winnt:notice] [pid 11556:tid 384] AH00364: Child: All worker threads have exited.
[Wed May 27 00:01:51.351360 2026] [mpm_winnt:notice] [pid 18552:tid 352] AH00430: Parent: Child process 11556 exited successfully.
